// Jest Snapshot v1, https://goo.gl/fbAQLP

exports[`renders correctly 1`] = `
<div
  className="container"
>
  <div
    className="row"
  >
    <Connect(Component) />
    <Connect(Component) />
  </div>
</div>
`;
