// Jest Snapshot v1, https://goo.gl/fbAQLP

exports[`renders correctly 1`] = `
<ul
  className="nav nav-pills nav-stacked flex-column"
>
  <li
    className="nav-header"
  >
    Recent Cities
  </li>
</ul>
`;
