// Jest Snapshot v1, https://goo.gl/fbAQLP

exports[`renders correctly 1`] = `
<li
  className="nav-item"
>
  <a
    className="nav-link"
    href="#"
    onClick={[Function]}
  />
</li>
`;
