// Jest Snapshot v1, https://goo.gl/fbAQLP

exports[`renders correctly 1`] = `
<div
  className="col-md-6"
>
  <div
    className="jumbotron jumbotron-fluid"
    style={
      Object {
        "padding": "1.2rem 1.5rem",
        "textAlign": "center",
      }
    }
  >
    <div
      className="container"
    >
      <h1
        className="display-5"
      >
        NaN
         Â°F
      </h1>
    </div>
  </div>
  <table
    className="table table-inverse"
  >
    <tbody
      style={
        Object {
          "textAlign": "right",
        }
      }
    >
      <tr>
        <th
          scope="row"
        >
          <i
            aria-hidden="true"
            className="fa fa-cloud"
          />
            Humidity
        </th>
        <td>
          %
        </td>
      </tr>
      <tr>
        <th
          scope="row"
        >
          <span
            className="icon icon-thermometer"
          />
            Pressure
        </th>
        <td>
           mb
        </td>
      </tr>
      <tr>
        <th
          scope="row"
        >
          <span
            className="icon icon-air"
          />
            Wind Speed
        </th>
        <td>
           mph
        </td>
      </tr>
      <tr>
        <th
          scope="row"
        >
          <span
            className="icon icon-light-up"
          />
            Sunrise
        </th>
        <td>
          NaN:NaN AM
        </td>
      </tr>
      <tr>
        <th
          scope="row"
        >
          <span
            className="icon icon-light-down"
          />
            Sunset
        </th>
        <td>
          NaN:NaN PM
        </td>
      </tr>
    </tbody>
  </table>
</div>
`;
