// Jest Snapshot v1, https://goo.gl/fbAQLP

exports[`renders correctly 1`] = `
<div
  className="row"
>
  <div
    className="col-lg-6"
  >
    <div
      className="input-group"
    >
      <input
        className="form-control"
        onChange={[Function]}
        placeholder="Search for..."
        type="text"
      />
      <span
        className="input-group-btn"
      >
        <button
          className="btn btn-default"
          onClick={[Function]}
          type="button"
        >
          Get Weather!
        </button>
      </span>
    </div>
  </div>
</div>
`;
