// Jest Snapshot v1, https://goo.gl/fbAQLP

exports[`renders correctly 1`] = `
<div
  className="col-md-9 content"
>
  <WeatherHeader
    city="Weather"
    description="Get the weather in any city"
  />
  <hr
    className="mt-3"
  />
  <CurrentWeather />
</div>
`;
